// Jest Snapshot v1, https://goo.gl/fbAQLP

exports[`Componente de transação do extrato Snapshot do componente deve ser sempre o mesmo 1`] = `
<div
  class="transacao-container"
>
  <p>
    18/11/2020
  </p>
  <p>
    deposito
  </p>
  <p>
    R$ 
    100
  </p>
</div>
`;
